// Jest Snapshot v1, https://goo.gl/fbAQLP

exports[`SingleApplicant Component shows empty state when no content creators are found 1`] = `
<div
  className="w-full h-full bg-white opacity-75 z-50"
  id="loading-screen"
>
  <div
    className="flex h-full w-full items-center justify-center space-x-2"
  >
    <div
      className="w-4 h-4 rounded-full animate-pulse bg-blue-400"
    />
    <div
      className="w-4 h-4 rounded-full animate-pulse bg-blue-400"
    />
    <div
      className="w-4 h-4 rounded-full animate-pulse bg-blue-400"
    />
  </div>
</div>
`;
